<h1>Regression 1</h1>
<div class="align-right"><ul>
<li>a</li>
<li>b</li>
</ul></div>
<div class="align-center"><ul>
<li>a</li>
<li>b</li>
</ul></div>
